../../Middlewares/ST/touchgfx/framework/include/touchgfx/Font.hpp:169:13:touchgfx::Font::~Font()	16	static
../../Middlewares/ST/touchgfx/framework/include/touchgfx/Font.hpp:169:13:virtual touchgfx::Font::~Font()	16	static
../../Middlewares/ST/touchgfx/framework/include/touchgfx/ConstFont.hpp:35:7:touchgfx::ConstFont::~ConstFont()	16	static
../../Middlewares/ST/touchgfx/framework/include/touchgfx/ConstFont.hpp:35:7:virtual touchgfx::ConstFont::~ConstFont()	16	static
../../TouchGFX/generated/fonts/include/fonts/GeneratedFont.hpp:11:7:touchgfx::GeneratedFont::~GeneratedFont()	16	static
../../TouchGFX/generated/fonts/include/fonts/GeneratedFont.hpp:11:7:virtual touchgfx::GeneratedFont::~GeneratedFont()	16	static
D:/Sandbox/SmallN2KDisplay/src/N2KDisplay/TouchGFX/generated/fonts/src/Table_verdana_120_4bpp.cpp:79:174:void __tcf_0()	8	static
D:/Sandbox/SmallN2KDisplay/src/N2KDisplay/TouchGFX/generated/fonts/src/Table_verdana_120_4bpp.cpp:77:26:touchgfx::GeneratedFont& getFont_verdana_120_4bpp()	64	static,ignoring_inline_asm
