../../Middlewares/ST/touchgfx/framework/include/touchgfx/Font.hpp:169:13:touchgfx::Font::~Font()	16	static
../../Middlewares/ST/touchgfx/framework/include/touchgfx/Font.hpp:169:13:virtual touchgfx::Font::~Font()	16	static
../../Middlewares/ST/touchgfx/framework/include/touchgfx/ConstFont.hpp:35:7:touchgfx::ConstFont::~ConstFont()	16	static
../../Middlewares/ST/touchgfx/framework/include/touchgfx/ConstFont.hpp:35:7:virtual touchgfx::ConstFont::~ConstFont()	16	static
../../TouchGFX/generated/fonts/include/fonts/GeneratedFont.hpp:11:7:touchgfx::GeneratedFont::~GeneratedFont()	16	static
../../TouchGFX/generated/fonts/include/fonts/GeneratedFont.hpp:11:7:virtual touchgfx::GeneratedFont::~GeneratedFont()	16	static
D:/Sandbox/SmallN2KDisplay/src/N2KDisplay/TouchGFX/generated/fonts/src/Table_courbd_120_8bpp.cpp:287:197:void __tcf_0()	8	static
D:/Sandbox/SmallN2KDisplay/src/N2KDisplay/TouchGFX/generated/fonts/src/Table_courbd_120_8bpp.cpp:285:26:touchgfx::GeneratedFont& getFont_courbd_120_8bpp()	64	static,ignoring_inline_asm
