D:/Sandbox/SmallN2KDisplay/src/N2KDisplay/Core/Src/app_freertos.c:96:6:vApplicationMallocFailedHook	4	static
D:/Sandbox/SmallN2KDisplay/src/N2KDisplay/Core/Src/app_freertos.c:112:6:vApplicationIdleHook	4	static
D:/Sandbox/SmallN2KDisplay/src/N2KDisplay/Core/Src/app_freertos.c:127:6:vApplicationStackOverflowHook	16	static
D:/Sandbox/SmallN2KDisplay/src/N2KDisplay/Core/Src/app_freertos.c:140:6:MX_FREERTOS_Init	8	static
D:/Sandbox/SmallN2KDisplay/src/N2KDisplay/Core/Src/app_freertos.c:188:6:StartDefaultTask	16	static
