D:/Sandbox/SmallN2KDisplay/src/N2KDisplay/Core/Src/stm32u5xx_it.c:73:6:NMI_Handler	4	static
D:/Sandbox/SmallN2KDisplay/src/N2KDisplay/Core/Src/stm32u5xx_it.c:88:6:HardFault_Handler	4	static
D:/Sandbox/SmallN2KDisplay/src/N2KDisplay/Core/Src/stm32u5xx_it.c:103:6:MemManage_Handler	4	static
D:/Sandbox/SmallN2KDisplay/src/N2KDisplay/Core/Src/stm32u5xx_it.c:118:6:BusFault_Handler	4	static
D:/Sandbox/SmallN2KDisplay/src/N2KDisplay/Core/Src/stm32u5xx_it.c:133:6:UsageFault_Handler	4	static
D:/Sandbox/SmallN2KDisplay/src/N2KDisplay/Core/Src/stm32u5xx_it.c:148:6:DebugMon_Handler	4	static
D:/Sandbox/SmallN2KDisplay/src/N2KDisplay/Core/Src/stm32u5xx_it.c:168:6:EXTI3_IRQHandler	8	static
D:/Sandbox/SmallN2KDisplay/src/N2KDisplay/Core/Src/stm32u5xx_it.c:182:6:EXTI4_IRQHandler	8	static
D:/Sandbox/SmallN2KDisplay/src/N2KDisplay/Core/Src/stm32u5xx_it.c:196:6:EXTI5_IRQHandler	8	static
D:/Sandbox/SmallN2KDisplay/src/N2KDisplay/Core/Src/stm32u5xx_it.c:210:6:EXTI7_IRQHandler	8	static
D:/Sandbox/SmallN2KDisplay/src/N2KDisplay/Core/Src/stm32u5xx_it.c:224:6:EXTI10_IRQHandler	8	static
D:/Sandbox/SmallN2KDisplay/src/N2KDisplay/Core/Src/stm32u5xx_it.c:238:6:FDCAN1_IT0_IRQHandler	8	static
D:/Sandbox/SmallN2KDisplay/src/N2KDisplay/Core/Src/stm32u5xx_it.c:252:6:TIM2_IRQHandler	8	static
D:/Sandbox/SmallN2KDisplay/src/N2KDisplay/Core/Src/stm32u5xx_it.c:266:6:GPU2D_IRQHandler	8	static
D:/Sandbox/SmallN2KDisplay/src/N2KDisplay/Core/Src/stm32u5xx_it.c:280:6:GPU2D_ER_IRQHandler	8	static
D:/Sandbox/SmallN2KDisplay/src/N2KDisplay/Core/Src/stm32u5xx_it.c:294:6:LTDC_IRQHandler	8	static
