../../Middlewares/ST/touchgfx/framework/include/mvp/Presenter.hpp:37:18:virtual void touchgfx::Presenter::activate()	16	static
../../Middlewares/ST/touchgfx/framework/include/mvp/Presenter.hpp:47:18:virtual void touchgfx::Presenter::deactivate()	16	static
../../Middlewares/ST/touchgfx/framework/include/mvp/Presenter.hpp:52:13:touchgfx::Presenter::~Presenter()	16	static
../../Middlewares/ST/touchgfx/framework/include/mvp/Presenter.hpp:52:13:virtual touchgfx::Presenter::~Presenter()	16	static
../../Middlewares/ST/touchgfx/framework/include/mvp/Presenter.hpp:58:5:touchgfx::Presenter::Presenter()	16	static
../../TouchGFX/gui/include/gui/model/ModelListener.hpp:13:5:ModelListener::ModelListener()	16	static
../../TouchGFX/gui/include/gui/model/ModelListener.hpp:15:13:ModelListener::~ModelListener()	16	static
../../TouchGFX/gui/include/gui/model/ModelListener.hpp:15:13:virtual ModelListener::~ModelListener()	16	static
../../TouchGFX/gui/include/gui/model/ModelListener.hpp:21:18:virtual void ModelListener::newN2kValue(fdcan_enn2kDATA_t, float, uint32_t)	24	static
../../TouchGFX/gui/include/gui/model/ModelListener.hpp:22:18:virtual void ModelListener::SpeedN2kValue(fdcan_enn2kDATA_t, float, uint32_t)	24	static
../../TouchGFX/gui/include/gui/model/ModelListener.hpp:23:18:virtual void ModelListener::DepthN2kValue(fdcan_enn2kDATA_t, float, uint32_t)	24	static
../../TouchGFX/gui/include/gui/model/ModelListener.hpp:24:18:virtual void ModelListener::SelScreen(fdcan_enSEL_SCREEN_t, bool)	16	static
../../TouchGFX/gui/include/gui/speed_screen/SpeedPresenter.hpp:28:13:SpeedPresenter::~SpeedPresenter()	16	static
../../TouchGFX/gui/include/gui/speed_screen/SpeedPresenter.hpp:28:13:virtual SpeedPresenter::~SpeedPresenter()	16	static
D:/Sandbox/SmallN2KDisplay/src/N2KDisplay/TouchGFX/gui/src/speed_screen/SpeedPresenter.cpp:4:1:SpeedPresenter::SpeedPresenter(SpeedView&)	16	static
D:/Sandbox/SmallN2KDisplay/src/N2KDisplay/TouchGFX/gui/src/speed_screen/SpeedPresenter.cpp:10:6:virtual void SpeedPresenter::activate()	16	static
D:/Sandbox/SmallN2KDisplay/src/N2KDisplay/TouchGFX/gui/src/speed_screen/SpeedPresenter.cpp:15:6:virtual void SpeedPresenter::deactivate()	16	static
D:/Sandbox/SmallN2KDisplay/src/N2KDisplay/TouchGFX/gui/src/speed_screen/SpeedPresenter.cpp:20:6:virtual void SpeedPresenter::SpeedN2kValue(fdcan_enn2kDATA_t, float, uint32_t)	32	static
